n=1 |V|=56 sat=False oracle_mc=False (1.0s) cl=[[(0, True), (0, True), (0, False)], [(0, True), (0, False), (0, False)]]
n=1 |V|=56 sat=False oracle_mc=False (0.9s) cl=[[(0, True), (0, True), (0, False)], [(0, False), (0, True), (0, False)]]
n=1 |V|=56 sat=False oracle_mc=False (0.9s) cl=[[(0, True), (0, True), (0, False)], [(0, False), (0, False), (0, True)]]
n=1 |V|=56 sat=False oracle_mc=False (0.9s) cl=[[(0, True), (0, False), (0, True)], [(0, True), (0, False), (0, False)]]
n=1 |V|=56 sat=False oracle_mc=False (0.9s) cl=[[(0, True), (0, False), (0, True)], [(0, False), (0, True), (0, False)]]
n=1 |V|=56 sat=False oracle_mc=False (0.9s) cl=[[(0, True), (0, False), (0, True)], [(0, False), (0, False), (0, True)]]
n=1 |V|=56 sat=False oracle_mc=False (0.9s) cl=[[(0, True), (0, False), (0, False)], [(0, True), (0, True), (0, False)]]
n=1 |V|=56 sat=False oracle_mc=False (0.8s) cl=[[(0, True), (0, False), (0, False)], [(0, True), (0, False), (0, True)]]
n=1 |V|=56 sat=False oracle_mc=False (0.8s) cl=[[(0, True), (0, False), (0, False)], [(0, False), (0, True), (0, True)]]
n=1 |V|=56 sat=False oracle_mc=False (0.9s) cl=[[(0, False), (0, True), (0, True)], [(0, True), (0, False), (0, False)]]
n=1 |V|=56 sat=False oracle_mc=False (0.9s) cl=[[(0, False), (0, True), (0, True)], [(0, False), (0, True), (0, False)]]
n=1 |V|=56 sat=False oracle_mc=False (0.8s) cl=[[(0, False), (0, True), (0, True)], [(0, False), (0, False), (0, True)]]
n=1 |V|=56 sat=False oracle_mc=False (0.8s) cl=[[(0, False), (0, True), (0, False)], [(0, True), (0, True), (0, False)]]
n=1 |V|=56 sat=False oracle_mc=False (0.8s) cl=[[(0, False), (0, True), (0, False)], [(0, True), (0, False), (0, True)]]
n=1 |V|=56 sat=False oracle_mc=False (0.8s) cl=[[(0, False), (0, True), (0, False)], [(0, False), (0, True), (0, True)]]
n=1 |V|=56 sat=False oracle_mc=False (0.8s) cl=[[(0, False), (0, False), (0, True)], [(0, True), (0, True), (0, False)]]
n=1 |V|=56 sat=False oracle_mc=False (0.8s) cl=[[(0, False), (0, False), (0, True)], [(0, True), (0, False), (0, True)]]
n=1 |V|=56 sat=False oracle_mc=False (0.8s) cl=[[(0, False), (0, False), (0, True)], [(0, False), (0, True), (0, True)]]
n=2 |V|=62 sat=False oracle_mc=False (2.7s) cl=[[(0, True), (0, True), (0, False)], [(0, True), (0, False), (0, False)]]
UNSAT instances with a spurious matching cut: 0; timeouts 0
